❌ ERROR: Name, email, and mobile are required
Error: Name, email, and mobile are required
    at D:\CivilSiteMitra\backend\src\controllers\adminController.js:180:11
    at D:\CivilSiteMitra\backend\src\middleware\errorHandler.js:15:19
    at Layer.handle [as handle_request] (D:\CivilSiteMitra\backend\node_modules\express\lib\router\layer.js:95:5)
    at next (D:\CivilSiteMitra\backend\node_modules\express\lib\router\route.js:149:13)
    at multerMiddleware (D:\CivilSiteMitra\backend\node_modules\multer\lib\make-middleware.js:13:41)
    at Layer.handle [as handle_request] (D:\CivilSiteMitra\backend\node_modules\express\lib\router\layer.js:95:5)
    at next (D:\CivilSiteMitra\backend\node_modules\express\lib\router\route.js:149:13)
    at Route.dispatch (D:\CivilSiteMitra\backend\node_modules\express\lib\router\route.js:119:3)
    at Layer.handle [as handle_request] (D:\CivilSiteMitra\backend\node_modules\express\lib\router\layer.js:95:5)
    at D:\CivilSiteMitra\backend\node_modules\express\lib\router\index.js:284:15
    at Function.process_params (D:\CivilSiteMitra\backend\node_modules\express\lib\router\index.js:346:12)
    at next (D:\CivilSiteMitra\backend\node_modules\express\lib\router\index.js:280:10)
    at D:\CivilSiteMitra\backend\src\middleware\auth.js:84:5
    at Layer.handle [as handle_request] (D:\CivilSiteMitra\backend\node_modules\express\lib\router\layer.js:95:5)
    at trim_prefix (D:\CivilSiteMitra\backend\node_modules\express\lib\router\index.js:328:13)
    at D:\CivilSiteMitra\backend\node_modules\express\lib\router\index.js:286:9
❌ ERROR: Invalid email or password
Error: Invalid email or password
    at D:\CivilSiteMitra\backend\src\controllers\authController.js:61:11
    at process.processTicksAndRejections (node:internal/process/task_queues:105:5)
❌ ERROR: You must accept the Terms & Conditions to continue
Error: You must accept the Terms & Conditions to continue
    at D:\CivilSiteMitra\backend\src\controllers\authController.js:133:11
    at D:\CivilSiteMitra\backend\src\middleware\errorHandler.js:15:19
    at Layer.handle [as handle_request] (D:\CivilSiteMitra\backend\node_modules\express\lib\router\layer.js:95:5)
    at next (D:\CivilSiteMitra\backend\node_modules\express\lib\router\route.js:149:13)
    at auth (D:\CivilSiteMitra\backend\src\middleware\auth.js:52:5)
    at process.processTicksAndRejections (node:internal/process/task_queues:105:5)
❌ ERROR: Latitude and longitude must be provided together
Error: Latitude and longitude must be provided together
    at geoFields (D:\CivilSiteMitra\backend\src\controllers\siteController.js:34:11)
    at D:\CivilSiteMitra\backend\src\controllers\siteController.js:300:23
    at process.processTicksAndRejections (node:internal/process/task_queues:105:5)
❌ ERROR: Latitude must be a number between -90 and 90
Error: Latitude must be a number between -90 and 90
    at geoFields (D:\CivilSiteMitra\backend\src\controllers\siteController.js:41:11)
    at D:\CivilSiteMitra\backend\src\controllers\siteController.js:300:23
    at process.processTicksAndRejections (node:internal/process/task_queues:105:5)
❌ ERROR: Site not found
Error: Site not found
    at loadSite (D:\CivilSiteMitra\backend\src\middleware\siteAccess.js:37:19)
    at process.processTicksAndRejections (node:internal/process/task_queues:105:5)
❌ ERROR: Site not found
Error: Site not found
    at loadSite (D:\CivilSiteMitra\backend\src\middleware\siteAccess.js:37:19)
    at process.processTicksAndRejections (node:internal/process/task_queues:105:5)
❌ ERROR: Invalid email or password
Error: Invalid email or password
    at D:\CivilSiteMitra\backend\src\controllers\authController.js:61:11
❌ ERROR: Status must be Present, Absent, Half Day or Leave
Error: Status must be Present, Absent, Half Day or Leave
    at assertStatus (D:\CivilSiteMitra\backend\src\controllers\workerAttendanceController.js:53:11)
    at D:\CivilSiteMitra\backend\src\controllers\workerAttendanceController.js:139:3
    at D:\CivilSiteMitra\backend\src\middleware\errorHandler.js:15:19
    at Layer.handle [as handle_request] (D:\CivilSiteMitra\backend\node_modules\express\lib\router\layer.js:95:5)
    at next (D:\CivilSiteMitra\backend\node_modules\express\lib\router\route.js:149:13)
    at Route.dispatch (D:\CivilSiteMitra\backend\node_modules\express\lib\router\route.js:119:3)
    at Layer.handle [as handle_request] (D:\CivilSiteMitra\backend\node_modules\express\lib\router\layer.js:95:5)
    at D:\CivilSiteMitra\backend\node_modules\express\lib\router\index.js:284:15
    at param (D:\CivilSiteMitra\backend\node_modules\express\lib\router\index.js:365:14)
    at paramCallback (D:\CivilSiteMitra\backend\node_modules\express\lib\router\index.js:412:21)
    at loadSite (D:\CivilSiteMitra\backend\src\middleware\siteAccess.js:53:12)
    at process.processTicksAndRejections (node:internal/process/task_queues:105:5)
❌ ERROR: Site not found
Error: Site not found
    at loadSite (D:\CivilSiteMitra\backend\src\middleware\siteAccess.js:37:19)
    at process.processTicksAndRejections (node:internal/process/task_queues:105:5)
❌ ERROR: Site not found
Error: Site not found
    at loadSite (D:\CivilSiteMitra\backend\src\middleware\siteAccess.js:37:19)
    at process.processTicksAndRejections (node:internal/process/task_queues:105:5)
❌ ERROR: Invalid email or password
Error: Invalid email or password
    at D:\CivilSiteMitra\backend\src\controllers\authController.js:61:11
    at process.processTicksAndRejections (node:internal/process/task_queues:105:5)
❌ ERROR: Invalid engineer id
Error: Invalid engineer id
    at parseId (D:\CivilSiteMitra\backend\src\controllers\adminController.js:451:13)
    at D:\CivilSiteMitra\backend\src\controllers\adminController.js:456:40
    at D:\CivilSiteMitra\backend\src\middleware\errorHandler.js:15:19
    at Layer.handle [as handle_request] (D:\CivilSiteMitra\backend\node_modules\express\lib\router\layer.js:95:5)
    at next (D:\CivilSiteMitra\backend\node_modules\express\lib\router\route.js:149:13)
    at Route.dispatch (D:\CivilSiteMitra\backend\node_modules\express\lib\router\route.js:119:3)
    at Layer.handle [as handle_request] (D:\CivilSiteMitra\backend\node_modules\express\lib\router\layer.js:95:5)
    at D:\CivilSiteMitra\backend\node_modules\express\lib\router\index.js:284:15
    at Function.process_params (D:\CivilSiteMitra\backend\node_modules\express\lib\router\index.js:346:12)
    at next (D:\CivilSiteMitra\backend\node_modules\express\lib\router\index.js:280:10)
    at D:\CivilSiteMitra\backend\src\middleware\auth.js:84:5
    at Layer.handle [as handle_request] (D:\CivilSiteMitra\backend\node_modules\express\lib\router\layer.js:95:5)
    at trim_prefix (D:\CivilSiteMitra\backend\node_modules\express\lib\router\index.js:328:13)
    at D:\CivilSiteMitra\backend\node_modules\express\lib\router\index.js:286:9
    at Function.process_params (D:\CivilSiteMitra\backend\node_modules\express\lib\router\index.js:346:12)
    at next (D:\CivilSiteMitra\backend\node_modules\express\lib\router\index.js:280:10)
❌ ERROR: Site not found
Error: Site not found
    at loadSite (D:\CivilSiteMitra\backend\src\middleware\siteAccess.js:29:19)
    at process.processTicksAndRejections (node:internal/process/task_queues:105:5)
